/scratch/sraghunandanan/DFU_Project/.venv/lib64/python3.9/site-packages/networkx/utils/backends.py:135: RuntimeWarning: networkx backend defined more than once: nx-loopback
  backends.update(_get_backends("networkx.backends"))
Device    : cuda   bf16 autocast: True
Debug     : False
Epochs    : 20
Batch     : 32
LoRA      : checkpoints/dfu_pretrained_backbone.pt
Seed      : 0 (split seed 0)
Imbalance : weights
Train frac: 1.0
Img size  : 224   LoRA rank: 16
Aug       : basic   label smoothing: 0.0
Run name  : final_pre_pseudo_s0
FINAL mode: training on all labeled images, no holdout evaluation
Pseudo-labels: +887 images  {'none': 400, 'infection': 400, 'ischaemia': 42, 'both': 45}
train split:  6842  {'none': 2952, 'infection': 2955, 'ischaemia': 269, 'both': 666}
Loaded Phase-1 LoRA weights from checkpoints/dfu_pretrained_backbone.pt (48 LoRA tensors, 24 non-zero lora_B matrices)
trainable params: 589,824 || all params: 87,170,304 || trainable%: 0.6766
Epoch   1/20  loss=2.0909  ce=0.9009  con=3.2809  train_acc=0.596  (30.8s)
Epoch   2/20  loss=1.9218  ce=0.6412  con=3.2025  train_acc=0.721  (30.7s)
Epoch   3/20  loss=1.8513  ce=0.5474  con=3.1552  train_acc=0.754  (30.3s)
Epoch   4/20  loss=1.7802  ce=0.4603  con=3.1000  train_acc=0.789  (30.6s)
Epoch   5/20  loss=1.7130  ce=0.3799  con=3.0461  train_acc=0.817  (30.2s)
Epoch   6/20  loss=1.6831  ce=0.3587  con=3.0075  train_acc=0.816  (30.2s)
Epoch   7/20  loss=1.6272  ce=0.2954  con=2.9590  train_acc=0.839  (30.2s)
Epoch   8/20  loss=1.6107  ce=0.2819  con=2.9396  train_acc=0.852  (30.7s)
Epoch   9/20  loss=1.5673  ce=0.2422  con=2.8924  train_acc=0.866  (30.6s)
Epoch  10/20  loss=1.5397  ce=0.2179  con=2.8614  train_acc=0.876  (30.7s)
Epoch  11/20  loss=1.5069  ce=0.1878  con=2.8260  train_acc=0.887  (30.6s)
Epoch  12/20  loss=1.4874  ce=0.1761  con=2.7987  train_acc=0.899  (30.7s)
Epoch  13/20  loss=1.4588  ce=0.1582  con=2.7595  train_acc=0.914  (30.6s)
Epoch  14/20  loss=1.4417  ce=0.1426  con=2.7408  train_acc=0.918  (30.6s)
Epoch  15/20  loss=1.4085  ce=0.1255  con=2.6915  train_acc=0.927  (30.5s)
Epoch  16/20  loss=1.3788  ce=0.0987  con=2.6590  train_acc=0.941  (30.5s)
Epoch  17/20  loss=1.3730  ce=0.1008  con=2.6453  train_acc=0.945  (30.5s)
Epoch  18/20  loss=1.3410  ce=0.0790  con=2.6029  train_acc=0.958  (30.6s)
Epoch  19/20  loss=1.3383  ce=0.0902  con=2.5863  train_acc=0.956  (30.6s)
Epoch  20/20  loss=1.3167  ce=0.0665  con=2.5669  train_acc=0.967  (29.7s)

Final weights → checkpoints/final_pre_pseudo_s0_final.pt
