/scratch/sraghunandanan/DFU_Project/.venv/lib64/python3.9/site-packages/networkx/utils/backends.py:135: RuntimeWarning: networkx backend defined more than once: nx-loopback
  backends.update(_get_backends("networkx.backends"))
Device    : cuda   bf16 autocast: True
Debug     : False
Epochs    : 20
Batch     : 32
LoRA      : checkpoints/dfu_pretrained_backbone.pt
Seed      : 2 (split seed 0)
Imbalance : weights
Train frac: 1.0
Img size  : 224   LoRA rank: 16
Aug       : strong   label smoothing: 0.1
Run name  : g_pre_reg_s2
Group-aware split using groups.csv (3925 groups)
train split:  4332  {'none': 1816, 'infection': 1870, 'ischaemia': 168, 'both': 478}
val   split:   810  {'none': 360, 'infection': 338, 'ischaemia': 30, 'both': 82}
test  split:   813  {'none': 376, 'infection': 347, 'ischaemia': 29, 'both': 61}
Loaded Phase-1 LoRA weights from checkpoints/dfu_pretrained_backbone.pt (48 LoRA tensors, 24 non-zero lora_B matrices)
trainable params: 589,824 || all params: 87,170,304 || trainable%: 0.6766
Epoch   1/20  loss=2.3572  ce=1.3971  con=3.3173  train_acc=0.451  val_acc=0.596  val_f1=0.520  recall[none=0.72 infe=0.49 isch=0.90 both=0.35]  (7.7s)
Epoch   2/20  loss=2.2480  ce=1.2571  con=3.2389  train_acc=0.604  val_acc=0.579  val_f1=0.489  recall[none=0.29 infe=0.88 isch=0.20 both=0.77]  (7.2s)
Epoch   3/20  loss=2.2116  ce=1.1966  con=3.2267  train_acc=0.657  val_acc=0.652  val_f1=0.607  recall[none=0.61 infe=0.67 isch=0.77 both=0.70]  (7.3s)
Epoch   4/20  loss=2.1808  ce=1.1608  con=3.2009  train_acc=0.676  val_acc=0.527  val_f1=0.522  recall[none=0.39 infe=0.56 isch=0.93 both=0.85]  (7.2s)
Epoch   5/20  loss=2.1461  ce=1.1180  con=3.1742  train_acc=0.702  val_acc=0.611  val_f1=0.549  recall[none=0.85 infe=0.28 isch=0.83 both=0.84]  (7.2s)
Epoch   6/20  loss=2.1251  ce=1.0915  con=3.1587  train_acc=0.715  val_acc=0.656  val_f1=0.572  recall[none=0.57 infe=0.73 isch=0.37 both=0.83]  (7.2s)
Epoch   7/20  loss=2.1041  ce=1.0724  con=3.1358  train_acc=0.734  val_acc=0.610  val_f1=0.558  recall[none=0.48 infe=0.66 isch=0.80 both=0.90]  (7.3s)
Epoch   8/20  loss=2.0895  ce=1.0633  con=3.1158  train_acc=0.739  val_acc=0.659  val_f1=0.625  recall[none=0.61 infe=0.64 isch=0.70 both=0.94]  (7.2s)
Epoch   9/20  loss=2.0605  ce=1.0229  con=3.0980  train_acc=0.757  val_acc=0.695  val_f1=0.649  recall[none=0.64 infe=0.73 isch=0.67 both=0.79]  (7.3s)
Epoch  10/20  loss=2.0518  ce=1.0165  con=3.0870  train_acc=0.767  val_acc=0.677  val_f1=0.608  recall[none=0.71 infe=0.59 isch=0.53 both=0.90]  (7.2s)
Epoch  11/20  loss=2.0237  ce=0.9952  con=3.0521  train_acc=0.781  val_acc=0.706  val_f1=0.621  recall[none=0.69 infe=0.72 isch=0.40 both=0.82]  (7.2s)
Epoch  12/20  loss=2.0157  ce=0.9858  con=3.0455  train_acc=0.787  val_acc=0.727  val_f1=0.715  recall[none=0.69 infe=0.74 isch=0.83 both=0.79]  (7.2s)
Epoch  13/20  loss=1.9843  ce=0.9601  con=3.0084  train_acc=0.804  val_acc=0.716  val_f1=0.692  recall[none=0.63 infe=0.80 isch=0.57 both=0.79]  (7.3s)
Epoch  14/20  loss=1.9563  ce=0.9354  con=2.9772  train_acc=0.814  val_acc=0.685  val_f1=0.639  recall[none=0.49 infe=0.88 isch=0.47 both=0.85]  (7.2s)
Epoch  15/20  loss=1.9508  ce=0.9247  con=2.9770  train_acc=0.819  val_acc=0.707  val_f1=0.653  recall[none=0.81 infe=0.57 isch=0.80 both=0.78]  (7.3s)
Epoch  16/20  loss=1.9645  ce=0.9466  con=2.9824  train_acc=0.816  val_acc=0.720  val_f1=0.691  recall[none=0.62 infe=0.80 isch=0.87 both=0.80]  (7.2s)
Epoch  17/20  loss=1.9236  ce=0.9152  con=2.9320  train_acc=0.826  val_acc=0.735  val_f1=0.704  recall[none=0.70 infe=0.74 isch=0.87 both=0.79]  (7.2s)
Epoch  18/20  loss=1.9264  ce=0.9096  con=2.9431  train_acc=0.835  val_acc=0.665  val_f1=0.583  recall[none=0.75 infe=0.53 isch=0.53 both=0.90]  (7.2s)
Epoch  19/20  loss=1.9098  ce=0.8939  con=2.9258  train_acc=0.835  val_acc=0.758  val_f1=0.717  recall[none=0.75 infe=0.78 isch=0.73 both=0.71]  (7.3s)
Epoch  20/20  loss=1.9070  ce=0.8988  con=2.9152  train_acc=0.847  val_acc=0.775  val_f1=0.745  recall[none=0.80 infe=0.74 isch=0.73 both=0.85]  (7.2s)

Best epoch 20 (val macro-F1 0.7448) → test:
  acc=0.798  bal_acc=0.813  macro_f1=0.8011  macro_auc=0.9122
  last epoch (20): macro_f1=0.8011  acc=0.798
  none       P=0.821  R=0.795  F1=0.808  n=376
  infection  P=0.779  R=0.781  F1=0.780  n=347
  ischaemia  P=0.808  R=0.724  F1=0.764  n=29
  both       P=0.773  R=0.951  F1=0.853  n=61
  confusion matrix (rows=true, cols=pred ['none', 'infection', 'ischaemia', 'both']):
    [299, 70, 1, 6]
    [65, 271, 4, 7]
    [0, 4, 21, 4]
    [0, 3, 0, 58]

Best weights → checkpoints/g_pre_reg_s2_best.pt
Results      → results/g_pre_reg_s2.json
