/scratch/sraghunandanan/DFU_Project/.venv/lib64/python3.9/site-packages/networkx/utils/backends.py:135: RuntimeWarning: networkx backend defined more than once: nx-loopback
  backends.update(_get_backends("networkx.backends"))
Device    : cuda   bf16 autocast: True
Debug     : False
Epochs    : 20
Batch     : 32
LoRA      : checkpoints/dfu_pretrained_backbone.pt
Seed      : 2 (split seed 0)
Imbalance : weights
Train frac: 1.0
Img size  : 224   LoRA rank: 16
Aug       : basic   label smoothing: 0.0
Run name  : g_pre_basic_s2
Group-aware split using groups.csv (3925 groups)
train split:  4332  {'none': 1816, 'infection': 1870, 'ischaemia': 168, 'both': 478}
val   split:   810  {'none': 360, 'infection': 338, 'ischaemia': 30, 'both': 82}
test  split:   813  {'none': 376, 'infection': 347, 'ischaemia': 29, 'both': 61}
Loaded Phase-1 LoRA weights from checkpoints/dfu_pretrained_backbone.pt (48 LoRA tensors, 24 non-zero lora_B matrices)
trainable params: 589,824 || all params: 87,170,304 || trainable%: 0.6766
Epoch   1/20  loss=2.1627  ce=1.0098  con=3.3157  train_acc=0.532  val_acc=0.631  val_f1=0.567  recall[none=0.72 infe=0.57 isch=0.93 both=0.39]  (14.8s)
Epoch   2/20  loss=1.9967  ce=0.7593  con=3.2341  train_acc=0.655  val_acc=0.652  val_f1=0.511  recall[none=0.52 infe=0.80 isch=0.03 both=0.85]  (14.0s)
Epoch   3/20  loss=1.9453  ce=0.6747  con=3.2159  train_acc=0.696  val_acc=0.691  val_f1=0.696  recall[none=0.81 infe=0.54 isch=0.73 both=0.76]  (14.0s)
Epoch   4/20  loss=1.8813  ce=0.5771  con=3.1856  train_acc=0.716  val_acc=0.615  val_f1=0.613  recall[none=0.35 infe=0.80 isch=0.73 both=0.98]  (13.9s)
Epoch   5/20  loss=1.8205  ce=0.5113  con=3.1298  train_acc=0.732  val_acc=0.715  val_f1=0.718  recall[none=0.85 infe=0.53 isch=0.90 both=0.79]  (13.9s)
Epoch   6/20  loss=1.7754  ce=0.4527  con=3.0982  train_acc=0.768  val_acc=0.720  val_f1=0.690  recall[none=0.74 infe=0.69 isch=0.53 both=0.83]  (13.9s)
Epoch   7/20  loss=1.7202  ce=0.3965  con=3.0440  train_acc=0.790  val_acc=0.721  val_f1=0.711  recall[none=0.77 infe=0.59 isch=0.90 both=0.95]  (13.9s)
Epoch   8/20  loss=1.6881  ce=0.3523  con=3.0239  train_acc=0.798  val_acc=0.649  val_f1=0.661  recall[none=0.38 infe=0.90 isch=0.57 both=0.85]  (13.9s)
Epoch   9/20  loss=1.6757  ce=0.3532  con=2.9982  train_acc=0.805  val_acc=0.748  val_f1=0.763  recall[none=0.69 infe=0.79 isch=0.77 both=0.80]  (13.8s)
Epoch  10/20  loss=1.6387  ce=0.3053  con=2.9721  train_acc=0.825  val_acc=0.740  val_f1=0.742  recall[none=0.83 infe=0.61 isch=0.87 both=0.83]  (14.2s)
Epoch  11/20  loss=1.6032  ce=0.2679  con=2.9385  train_acc=0.838  val_acc=0.749  val_f1=0.736  recall[none=0.78 infe=0.72 isch=0.57 both=0.82]  (14.3s)
Epoch  12/20  loss=1.5910  ce=0.2649  con=2.9172  train_acc=0.839  val_acc=0.709  val_f1=0.681  recall[none=0.80 infe=0.55 isch=0.87 both=0.90]  (14.3s)
Epoch  13/20  loss=1.6025  ce=0.2783  con=2.9266  train_acc=0.839  val_acc=0.772  val_f1=0.768  recall[none=0.75 infe=0.78 isch=0.67 both=0.84]  (14.2s)
Epoch  14/20  loss=1.5458  ce=0.2312  con=2.8603  train_acc=0.864  val_acc=0.763  val_f1=0.754  recall[none=0.86 infe=0.63 isch=0.70 both=0.91]  (14.2s)
Epoch  15/20  loss=1.5280  ce=0.2095  con=2.8465  train_acc=0.876  val_acc=0.738  val_f1=0.704  recall[none=0.82 infe=0.61 isch=0.67 both=0.90]  (14.1s)
Epoch  16/20  loss=1.5203  ce=0.2067  con=2.8339  train_acc=0.884  val_acc=0.772  val_f1=0.772  recall[none=0.72 infe=0.80 isch=0.70 both=0.90]  (14.2s)
Epoch  17/20  loss=1.4850  ce=0.1824  con=2.7875  train_acc=0.892  val_acc=0.773  val_f1=0.746  recall[none=0.78 infe=0.74 isch=0.67 both=0.90]  (14.2s)
Epoch  18/20  loss=1.4546  ce=0.1569  con=2.7524  train_acc=0.908  val_acc=0.783  val_f1=0.758  recall[none=0.86 infe=0.70 isch=0.73 both=0.80]  (14.1s)
Epoch  19/20  loss=1.4573  ce=0.1711  con=2.7435  train_acc=0.900  val_acc=0.759  val_f1=0.708  recall[none=0.69 infe=0.84 isch=0.40 both=0.87]  (14.2s)
Epoch  20/20  loss=1.4180  ce=0.1315  con=2.7046  train_acc=0.926  val_acc=0.775  val_f1=0.753  recall[none=0.74 infe=0.82 isch=0.57 both=0.83]  (14.3s)

Best epoch 16 (val macro-F1 0.7720) → test:
  acc=0.775  bal_acc=0.810  macro_f1=0.8062  macro_auc=0.9168
  last epoch (20): macro_f1=0.7912  acc=0.786
  none       P=0.827  R=0.713  F1=0.766  n=376
  infection  P=0.716  R=0.816  F1=0.763  n=347
  ischaemia  P=0.852  R=0.793  F1=0.821  n=29
  both       P=0.836  R=0.918  F1=0.875  n=61
  confusion matrix (rows=true, cols=pred ['none', 'infection', 'ischaemia', 'both']):
    [268, 106, 0, 2]
    [55, 283, 3, 6]
    [0, 3, 23, 3]
    [1, 3, 1, 56]

Best weights → checkpoints/g_pre_basic_s2_best.pt
Results      → results/g_pre_basic_s2.json
