/scratch/sraghunandanan/DFU_Project/.venv/lib64/python3.9/site-packages/networkx/utils/backends.py:135: RuntimeWarning: networkx backend defined more than once: nx-loopback
  backends.update(_get_backends("networkx.backends"))
Device    : cuda   bf16 autocast: True
Debug     : False
Epochs    : 20
Batch     : 32
LoRA      : checkpoints/dfu_pretrained_backbone.pt
Seed      : 0 (split seed 0)
Imbalance : weights
Train frac: 1.0
Img size  : 224   LoRA rank: 16
Aug       : basic   label smoothing: 0.0
Run name  : g_pre_pseudo_s0
Group-aware split using groups.csv (3925 groups)
Pseudo-labels: +887 images  {'none': 400, 'infection': 400, 'ischaemia': 42, 'both': 45}
train split:  5219  {'none': 2216, 'infection': 2270, 'ischaemia': 210, 'both': 523}
val   split:   810  {'none': 360, 'infection': 338, 'ischaemia': 30, 'both': 82}
test  split:   813  {'none': 376, 'infection': 347, 'ischaemia': 29, 'both': 61}
Loaded Phase-1 LoRA weights from checkpoints/dfu_pretrained_backbone.pt (48 LoRA tensors, 24 non-zero lora_B matrices)
trainable params: 589,824 || all params: 87,170,304 || trainable%: 0.6766
Epoch   1/20  loss=2.0987  ce=0.9203  con=3.2772  train_acc=0.588  val_acc=0.653  val_f1=0.591  recall[none=0.71 infe=0.60 isch=0.33 both=0.77]  (25.4s)
Epoch   2/20  loss=1.9309  ce=0.6636  con=3.1983  train_acc=0.714  val_acc=0.672  val_f1=0.640  recall[none=0.50 infe=0.83 isch=0.50 both=0.84]  (24.9s)
Epoch   3/20  loss=1.8449  ce=0.5491  con=3.1406  train_acc=0.758  val_acc=0.695  val_f1=0.620  recall[none=0.74 infe=0.69 isch=0.33 both=0.68]  (24.9s)
Epoch   4/20  loss=1.7917  ce=0.4774  con=3.1059  train_acc=0.788  val_acc=0.720  val_f1=0.688  recall[none=0.75 infe=0.66 isch=0.73 both=0.82]  (25.0s)
Epoch   5/20  loss=1.7413  ce=0.4314  con=3.0512  train_acc=0.804  val_acc=0.712  val_f1=0.674  recall[none=0.64 infe=0.80 isch=0.60 both=0.73]  (24.9s)
Epoch   6/20  loss=1.7039  ce=0.3871  con=3.0207  train_acc=0.822  val_acc=0.744  val_f1=0.708  recall[none=0.87 infe=0.61 isch=0.57 both=0.80]  (25.0s)
Epoch   7/20  loss=1.6728  ce=0.3544  con=2.9911  train_acc=0.825  val_acc=0.730  val_f1=0.688  recall[none=0.77 infe=0.67 isch=0.57 both=0.87]  (25.0s)
Epoch   8/20  loss=1.6216  ce=0.2984  con=2.9447  train_acc=0.845  val_acc=0.744  val_f1=0.735  recall[none=0.72 infe=0.75 isch=0.63 both=0.85]  (24.9s)
Epoch   9/20  loss=1.6032  ce=0.2822  con=2.9243  train_acc=0.852  val_acc=0.747  val_f1=0.738  recall[none=0.84 infe=0.62 isch=0.67 both=0.89]  (24.7s)
Epoch  10/20  loss=1.5581  ce=0.2368  con=2.8794  train_acc=0.868  val_acc=0.756  val_f1=0.723  recall[none=0.80 infe=0.68 isch=0.57 both=0.91]  (24.9s)
Epoch  11/20  loss=1.5364  ce=0.2230  con=2.8498  train_acc=0.871  val_acc=0.749  val_f1=0.737  recall[none=0.87 infe=0.64 isch=0.70 both=0.71]  (24.6s)
Epoch  12/20  loss=1.5659  ce=0.2558  con=2.8759  train_acc=0.865  val_acc=0.768  val_f1=0.746  recall[none=0.72 infe=0.83 isch=0.63 both=0.79]  (25.0s)
Epoch  13/20  loss=1.4853  ce=0.1778  con=2.7928  train_acc=0.897  val_acc=0.760  val_f1=0.729  recall[none=0.70 infe=0.81 isch=0.57 both=0.87]  (24.8s)
Epoch  14/20  loss=1.4793  ce=0.1757  con=2.7829  train_acc=0.903  val_acc=0.738  val_f1=0.725  recall[none=0.86 infe=0.57 isch=0.70 both=0.91]  (24.8s)
Epoch  15/20  loss=1.4349  ce=0.1386  con=2.7312  train_acc=0.921  val_acc=0.777  val_f1=0.742  recall[none=0.86 infe=0.67 isch=0.57 both=0.94]  (24.8s)
Epoch  16/20  loss=1.4607  ce=0.1793  con=2.7421  train_acc=0.911  val_acc=0.705  val_f1=0.673  recall[none=0.94 infe=0.45 isch=0.47 both=0.79]  (24.7s)
Epoch  17/20  loss=1.4132  ce=0.1281  con=2.6984  train_acc=0.925  val_acc=0.763  val_f1=0.718  recall[none=0.86 infe=0.68 isch=0.50 both=0.79]  (24.6s)
Epoch  18/20  loss=1.3715  ce=0.1027  con=2.6402  train_acc=0.947  val_acc=0.764  val_f1=0.750  recall[none=0.89 infe=0.64 isch=0.67 both=0.78]  (24.6s)
Epoch  19/20  loss=1.3406  ce=0.0813  con=2.5998  train_acc=0.954  val_acc=0.760  val_f1=0.717  recall[none=0.68 infe=0.84 isch=0.57 both=0.85]  (24.6s)
Epoch  20/20  loss=1.3687  ce=0.1145  con=2.6230  train_acc=0.948  val_acc=0.764  val_f1=0.707  recall[none=0.88 infe=0.64 isch=0.50 both=0.87]  (23.4s)

Best epoch 18 (val macro-F1 0.7497) → test:
  acc=0.800  bal_acc=0.809  macro_f1=0.8080  macro_auc=0.9414
  last epoch (20): macro_f1=0.7736  acc=0.784
  none       P=0.761  R=0.891  F1=0.821  n=376
  infection  P=0.850  R=0.686  F1=0.759  n=347
  ischaemia  P=0.815  R=0.759  F1=0.786  n=29
  both       P=0.833  R=0.902  F1=0.866  n=61
  confusion matrix (rows=true, cols=pred ['none', 'infection', 'ischaemia', 'both']):
    [335, 39, 2, 0]
    [102, 238, 0, 7]
    [2, 1, 22, 4]
    [1, 2, 3, 55]

Best weights → checkpoints/g_pre_pseudo_s0_best.pt
Results      → results/g_pre_pseudo_s0.json
