/scratch/sraghunandanan/DFU_Project/.venv/lib64/python3.9/site-packages/networkx/utils/backends.py:135: RuntimeWarning: networkx backend defined more than once: nx-loopback
  backends.update(_get_backends("networkx.backends"))
Device    : cuda   bf16 autocast: True
Debug     : False
Epochs    : 20
Batch     : 32
LoRA      : scratch
Seed      : 2 (split seed 0)
Imbalance : weights
Train frac: 1.0
Img size  : 224   LoRA rank: 16
Aug       : basic   label smoothing: 0.0
Run name  : g_scratch_basic_s2
Group-aware split using groups.csv (3925 groups)
train split:  4332  {'none': 1816, 'infection': 1870, 'ischaemia': 168, 'both': 478}
val   split:   810  {'none': 360, 'infection': 338, 'ischaemia': 30, 'both': 82}
test  split:   813  {'none': 376, 'infection': 347, 'ischaemia': 29, 'both': 61}
trainable params: 589,824 || all params: 87,170,304 || trainable%: 0.6766
Epoch   1/20  loss=2.2162  ce=0.9683  con=3.4640  train_acc=0.593  val_acc=0.690  val_f1=0.644  recall[none=0.71 infe=0.69 isch=0.77 both=0.57]  (14.5s)
Epoch   2/20  loss=1.9244  ce=0.6430  con=3.2058  train_acc=0.730  val_acc=0.707  val_f1=0.663  recall[none=0.64 infe=0.77 isch=0.37 both=0.85]  (13.9s)
Epoch   3/20  loss=1.8395  ce=0.5241  con=3.1550  train_acc=0.764  val_acc=0.762  val_f1=0.750  recall[none=0.83 infe=0.68 isch=0.83 both=0.76]  (13.8s)
Epoch   4/20  loss=1.7721  ce=0.4408  con=3.1034  train_acc=0.788  val_acc=0.757  val_f1=0.744  recall[none=0.72 infe=0.77 isch=0.83 both=0.84]  (13.8s)
Epoch   5/20  loss=1.7152  ce=0.3850  con=3.0453  train_acc=0.806  val_acc=0.753  val_f1=0.701  recall[none=0.88 infe=0.60 isch=0.50 both=0.93]  (13.8s)
Epoch   6/20  loss=1.6519  ce=0.3151  con=2.9887  train_acc=0.828  val_acc=0.763  val_f1=0.751  recall[none=0.76 infe=0.77 isch=0.67 both=0.80]  (13.8s)
Epoch   7/20  loss=1.5861  ce=0.2528  con=2.9194  train_acc=0.853  val_acc=0.760  val_f1=0.756  recall[none=0.77 infe=0.72 isch=0.80 both=0.88]  (13.9s)
Epoch   8/20  loss=1.5615  ce=0.2319  con=2.8910  train_acc=0.863  val_acc=0.746  val_f1=0.727  recall[none=0.65 infe=0.85 isch=0.53 both=0.82]  (14.0s)
Epoch   9/20  loss=1.5390  ce=0.2220  con=2.8561  train_acc=0.880  val_acc=0.768  val_f1=0.742  recall[none=0.79 infe=0.77 isch=0.53 both=0.74]  (13.9s)
Epoch  10/20  loss=1.4926  ce=0.1757  con=2.8095  train_acc=0.899  val_acc=0.768  val_f1=0.738  recall[none=0.75 infe=0.79 isch=0.57 both=0.84]  (13.8s)
Epoch  11/20  loss=1.4719  ce=0.1706  con=2.7732  train_acc=0.901  val_acc=0.773  val_f1=0.740  recall[none=0.84 infe=0.70 isch=0.57 both=0.83]  (14.2s)
Epoch  12/20  loss=1.4133  ce=0.1238  con=2.7027  train_acc=0.927  val_acc=0.762  val_f1=0.754  recall[none=0.88 infe=0.62 isch=0.63 both=0.85]  (14.2s)
Epoch  13/20  loss=1.3975  ce=0.1183  con=2.6766  train_acc=0.932  val_acc=0.790  val_f1=0.779  recall[none=0.80 infe=0.78 isch=0.63 both=0.84]  (14.2s)
Epoch  14/20  loss=1.3404  ce=0.0859  con=2.5949  train_acc=0.955  val_acc=0.804  val_f1=0.783  recall[none=0.89 infe=0.71 isch=0.63 both=0.88]  (14.2s)
Epoch  15/20  loss=1.3146  ce=0.0671  con=2.5622  train_acc=0.961  val_acc=0.800  val_f1=0.776  recall[none=0.77 infe=0.84 isch=0.60 both=0.83]  (14.2s)
Epoch  16/20  loss=1.3232  ce=0.0821  con=2.5642  train_acc=0.959  val_acc=0.774  val_f1=0.710  recall[none=0.90 infe=0.67 isch=0.37 both=0.80]  (14.1s)
Epoch  17/20  loss=1.2776  ce=0.0522  con=2.5029  train_acc=0.974  val_acc=0.789  val_f1=0.761  recall[none=0.82 infe=0.76 isch=0.57 both=0.85]  (14.1s)
Epoch  18/20  loss=1.2630  ce=0.0388  con=2.4872  train_acc=0.977  val_acc=0.789  val_f1=0.742  recall[none=0.86 infe=0.72 isch=0.43 both=0.87]  (14.2s)
Epoch  19/20  loss=1.2573  ce=0.0429  con=2.4717  train_acc=0.978  val_acc=0.801  val_f1=0.747  recall[none=0.85 infe=0.78 isch=0.40 both=0.84]  (14.2s)
Epoch  20/20  loss=1.2464  ce=0.0303  con=2.4625  train_acc=0.985  val_acc=0.800  val_f1=0.765  recall[none=0.81 infe=0.81 isch=0.53 both=0.83]  (14.2s)

Best epoch 14 (val macro-F1 0.7827) → test:
  acc=0.811  bal_acc=0.797  macro_f1=0.7837  macro_auc=0.9377
  last epoch (20): macro_f1=0.7932  acc=0.812
  none       P=0.810  R=0.862  F1=0.835  n=376
  infection  P=0.837  R=0.752  F1=0.792  n=347
  ischaemia  P=0.714  R=0.690  F1=0.702  n=29
  both       P=0.740  R=0.885  F1=0.806  n=61
  confusion matrix (rows=true, cols=pred ['none', 'infection', 'ischaemia', 'both']):
    [324, 47, 4, 1]
    [73, 261, 1, 12]
    [2, 1, 20, 6]
    [1, 3, 3, 54]

Best weights → checkpoints/g_scratch_basic_s2_best.pt
Results      → results/g_scratch_basic_s2.json
