/scratch/sraghunandanan/DFU_Project/.venv/lib64/python3.9/site-packages/networkx/utils/backends.py:135: RuntimeWarning: networkx backend defined more than once: nx-loopback
  backends.update(_get_backends("networkx.backends"))
Device    : cuda   bf16 autocast: True
Debug     : False
Epochs    : 20
Batch     : 32
LoRA      : scratch
Seed      : 0 (split seed 0)
Imbalance : weights
Train frac: 1.0
Img size  : 224   LoRA rank: 16
Aug       : basic   label smoothing: 0.0
Run name  : g_scratch_basic_s0
Group-aware split using groups.csv (3925 groups)
train split:  4332  {'none': 1816, 'infection': 1870, 'ischaemia': 168, 'both': 478}
val   split:   810  {'none': 360, 'infection': 338, 'ischaemia': 30, 'both': 82}
test  split:   813  {'none': 376, 'infection': 347, 'ischaemia': 29, 'both': 61}
trainable params: 589,824 || all params: 87,170,304 || trainable%: 0.6766
Epoch   1/20  loss=2.2338  ce=0.9947  con=3.4729  train_acc=0.570  val_acc=0.660  val_f1=0.491  recall[none=0.81 infe=0.49 isch=0.00 both=0.91]  (14.1s)
Epoch   2/20  loss=1.9465  ce=0.6610  con=3.2319  train_acc=0.727  val_acc=0.727  val_f1=0.682  recall[none=0.76 infe=0.68 isch=0.60 both=0.82]  (13.9s)
Epoch   3/20  loss=1.8375  ce=0.5131  con=3.1618  train_acc=0.767  val_acc=0.748  val_f1=0.710  recall[none=0.85 infe=0.63 isch=0.70 both=0.82]  (13.7s)
Epoch   4/20  loss=1.7679  ce=0.4333  con=3.1026  train_acc=0.789  val_acc=0.752  val_f1=0.731  recall[none=0.74 infe=0.74 isch=0.70 both=0.84]  (13.8s)
Epoch   5/20  loss=1.6974  ce=0.3483  con=3.0465  train_acc=0.810  val_acc=0.772  val_f1=0.771  recall[none=0.78 infe=0.76 isch=0.90 both=0.76]  (13.9s)
Epoch   6/20  loss=1.6335  ce=0.2878  con=2.9792  train_acc=0.836  val_acc=0.767  val_f1=0.757  recall[none=0.85 infe=0.70 isch=0.77 both=0.70]  (14.0s)
Epoch   7/20  loss=1.6014  ce=0.2579  con=2.9449  train_acc=0.855  val_acc=0.759  val_f1=0.754  recall[none=0.86 infe=0.64 isch=0.77 both=0.80]  (14.0s)
Epoch   8/20  loss=1.5580  ce=0.2301  con=2.8859  train_acc=0.866  val_acc=0.785  val_f1=0.791  recall[none=0.80 infe=0.75 isch=0.80 both=0.83]  (13.7s)
Epoch   9/20  loss=1.5019  ce=0.1795  con=2.8242  train_acc=0.895  val_acc=0.747  val_f1=0.738  recall[none=0.87 infe=0.62 isch=0.63 both=0.77]  (13.7s)
Epoch  10/20  loss=1.4729  ce=0.1605  con=2.7853  train_acc=0.907  val_acc=0.746  val_f1=0.751  recall[none=0.62 infe=0.83 isch=0.80 both=0.89]  (14.0s)
Epoch  11/20  loss=1.4173  ce=0.1226  con=2.7120  train_acc=0.932  val_acc=0.762  val_f1=0.772  recall[none=0.76 infe=0.73 isch=0.87 both=0.87]  (13.8s)
Epoch  12/20  loss=1.3853  ce=0.1046  con=2.6660  train_acc=0.947  val_acc=0.786  val_f1=0.760  recall[none=0.84 infe=0.74 isch=0.60 both=0.82]  (13.9s)
Epoch  13/20  loss=1.3581  ce=0.0989  con=2.6173  train_acc=0.953  val_acc=0.793  val_f1=0.787  recall[none=0.81 infe=0.77 isch=0.73 both=0.85]  (13.9s)
Epoch  14/20  loss=1.3348  ce=0.0816  con=2.5880  train_acc=0.959  val_acc=0.743  val_f1=0.728  recall[none=0.61 infe=0.89 isch=0.53 both=0.79]  (13.8s)
Epoch  15/20  loss=1.3059  ce=0.0649  con=2.5470  train_acc=0.970  val_acc=0.783  val_f1=0.772  recall[none=0.84 infe=0.70 isch=0.83 both=0.84]  (13.9s)
Epoch  16/20  loss=1.2842  ce=0.0513  con=2.5170  train_acc=0.971  val_acc=0.773  val_f1=0.767  recall[none=0.86 infe=0.68 isch=0.73 both=0.80]  (13.8s)
Epoch  17/20  loss=1.2725  ce=0.0561  con=2.4888  train_acc=0.977  val_acc=0.784  val_f1=0.760  recall[none=0.84 infe=0.72 isch=0.67 both=0.84]  (13.8s)
Epoch  18/20  loss=1.2457  ce=0.0304  con=2.4610  train_acc=0.987  val_acc=0.780  val_f1=0.785  recall[none=0.83 infe=0.72 isch=0.77 both=0.80]  (13.7s)
Epoch  19/20  loss=1.2484  ce=0.0331  con=2.4636  train_acc=0.984  val_acc=0.779  val_f1=0.758  recall[none=0.81 infe=0.76 isch=0.63 both=0.76]  (13.8s)
Epoch  20/20  loss=1.2242  ce=0.0216  con=2.4268  train_acc=0.990  val_acc=0.783  val_f1=0.779  recall[none=0.90 infe=0.65 isch=0.83 both=0.79]  (13.8s)

Best epoch 8 (val macro-F1 0.7914) → test:
  acc=0.784  bal_acc=0.761  macro_f1=0.7730  macro_auc=0.9387
  last epoch (20): macro_f1=0.7737  acc=0.807
  none       P=0.799  R=0.806  F1=0.803  n=376
  infection  P=0.766  R=0.764  F1=0.765  n=347
  ischaemia  P=0.826  R=0.655  F1=0.731  n=29
  both       P=0.769  R=0.820  F1=0.794  n=61
  confusion matrix (rows=true, cols=pred ['none', 'infection', 'ischaemia', 'both']):
    [303, 72, 1, 0]
    [73, 265, 0, 9]
    [3, 1, 19, 6]
    [0, 8, 3, 50]

Best weights → checkpoints/g_scratch_basic_s0_best.pt
Results      → results/g_scratch_basic_s0.json
