/scratch/sraghunandanan/DFU_Project/.venv/lib64/python3.9/site-packages/networkx/utils/backends.py:135: RuntimeWarning: networkx backend defined more than once: nx-loopback
  backends.update(_get_backends("networkx.backends"))
Device    : cuda   bf16 autocast: True
Debug     : False
Epochs    : 20
Batch     : 32
LoRA      : scratch
Seed      : 0 (split seed 0)
Imbalance : weights
Train frac: 1.0
Img size  : 224   LoRA rank: 16
Aug       : strong   label smoothing: 0.1
Run name  : g_student_s0
Group-aware split using groups.csv (3925 groups)
Pseudo-labels: +811 images  {'none': 400, 'infection': 280, 'ischaemia': 63, 'both': 68}
train split:  5143  {'none': 2216, 'infection': 2150, 'ischaemia': 231, 'both': 546}
val   split:   810  {'none': 360, 'infection': 338, 'ischaemia': 30, 'both': 82}
test  split:   813  {'none': 376, 'infection': 347, 'ischaemia': 29, 'both': 61}
trainable params: 589,824 || all params: 87,170,304 || trainable%: 0.6766
Epoch   1/20  loss=2.3270  ce=1.2885  con=3.3655  train_acc=0.565  val_acc=0.520  val_f1=0.441  recall[none=0.27 infe=0.70 isch=0.27 both=0.95]  (16.8s)
Epoch   2/20  loss=2.1342  ce=1.0934  con=3.1751  train_acc=0.716  val_acc=0.510  val_f1=0.459  recall[none=0.29 infe=0.63 isch=0.50 both=0.95]  (16.4s)
Epoch   3/20  loss=2.0764  ce=1.0285  con=3.1244  train_acc=0.759  val_acc=0.720  val_f1=0.662  recall[none=0.71 infe=0.71 isch=0.63 both=0.87]  (16.2s)
Epoch   4/20  loss=2.0363  ce=0.9893  con=3.0833  train_acc=0.779  val_acc=0.751  val_f1=0.711  recall[none=0.75 infe=0.77 isch=0.90 both=0.61]  (16.4s)
Epoch   5/20  loss=1.9980  ce=0.9530  con=3.0431  train_acc=0.799  val_acc=0.731  val_f1=0.688  recall[none=0.71 infe=0.74 isch=0.60 both=0.83]  (16.3s)
Epoch   6/20  loss=1.9674  ce=0.9277  con=3.0072  train_acc=0.815  val_acc=0.733  val_f1=0.713  recall[none=0.65 infe=0.80 isch=0.60 both=0.87]  (16.2s)
Epoch   7/20  loss=1.9524  ce=0.9111  con=2.9937  train_acc=0.820  val_acc=0.723  val_f1=0.699  recall[none=0.65 infe=0.75 isch=0.83 both=0.88]  (16.5s)
Epoch   8/20  loss=1.9096  ce=0.8757  con=2.9434  train_acc=0.844  val_acc=0.760  val_f1=0.750  recall[none=0.72 infe=0.80 isch=0.83 both=0.74]  (16.3s)
Epoch   9/20  loss=1.8842  ce=0.8552  con=2.9131  train_acc=0.852  val_acc=0.727  val_f1=0.691  recall[none=0.66 infe=0.76 isch=0.80 both=0.87]  (16.3s)
Epoch  10/20  loss=1.8644  ce=0.8449  con=2.8840  train_acc=0.863  val_acc=0.764  val_f1=0.743  recall[none=0.81 infe=0.70 isch=0.73 both=0.85]  (16.4s)
Epoch  11/20  loss=1.8414  ce=0.8238  con=2.8590  train_acc=0.872  val_acc=0.760  val_f1=0.729  recall[none=0.77 infe=0.72 isch=0.87 both=0.85]  (16.3s)
Epoch  12/20  loss=1.8202  ce=0.8217  con=2.8187  train_acc=0.880  val_acc=0.769  val_f1=0.769  recall[none=0.69 infe=0.83 isch=0.77 both=0.87]  (16.2s)
Epoch  13/20  loss=1.8127  ce=0.8101  con=2.8154  train_acc=0.885  val_acc=0.747  val_f1=0.712  recall[none=0.72 infe=0.75 isch=0.70 both=0.87]  (16.4s)
Epoch  14/20  loss=1.7812  ce=0.7919  con=2.7705  train_acc=0.899  val_acc=0.710  val_f1=0.723  recall[none=0.50 infe=0.89 isch=0.80 both=0.85]  (16.4s)
Epoch  15/20  loss=1.7671  ce=0.7798  con=2.7543  train_acc=0.903  val_acc=0.784  val_f1=0.756  recall[none=0.73 infe=0.84 isch=0.63 both=0.87]  (16.5s)
Epoch  16/20  loss=1.7612  ce=0.7851  con=2.7372  train_acc=0.912  val_acc=0.793  val_f1=0.771  recall[none=0.83 infe=0.75 isch=0.80 both=0.82]  (16.5s)
Epoch  17/20  loss=1.7537  ce=0.7775  con=2.7299  train_acc=0.916  val_acc=0.783  val_f1=0.768  recall[none=0.72 infe=0.84 isch=0.90 both=0.76]  (16.4s)
Epoch  18/20  loss=1.7311  ce=0.7690  con=2.6932  train_acc=0.922  val_acc=0.760  val_f1=0.748  recall[none=0.66 infe=0.85 isch=0.67 both=0.87]  (9.8s)
Epoch  19/20  loss=1.7003  ce=0.7516  con=2.6490  train_acc=0.933  val_acc=0.791  val_f1=0.773  recall[none=0.91 infe=0.65 isch=0.80 both=0.87]  (12.1s)
Epoch  20/20  loss=1.7027  ce=0.7521  con=2.6533  train_acc=0.935  val_acc=0.821  val_f1=0.804  recall[none=0.88 infe=0.75 isch=0.80 both=0.85]  (16.4s)

Best epoch 20 (val macro-F1 0.8035) → test:
  acc=0.807  bal_acc=0.806  macro_f1=0.7831  macro_auc=0.9130
  last epoch (20): macro_f1=0.7831  acc=0.807
  none       P=0.814  R=0.838  F1=0.826  n=376
  infection  P=0.833  R=0.761  F1=0.795  n=347
  ischaemia  P=0.741  R=0.690  F1=0.714  n=29
  both       P=0.695  R=0.934  F1=0.797  n=61
  confusion matrix (rows=true, cols=pred ['none', 'infection', 'ischaemia', 'both']):
    [315, 49, 6, 6]
    [68, 264, 1, 14]
    [3, 1, 20, 5]
    [1, 3, 0, 57]

Best weights → checkpoints/g_student_s0_best.pt
Results      → results/g_student_s0.json
