/scratch/sraghunandanan/DFU_Project/.venv/lib64/python3.9/site-packages/networkx/utils/backends.py:135: RuntimeWarning: networkx backend defined more than once: nx-loopback
  backends.update(_get_backends("networkx.backends"))
Device    : cuda   bf16 autocast: True
Debug     : True
Epochs    : 2
Batch     : 2
LoRA      : scratch
Seed      : 0 (split seed 0)
Imbalance : none
Train frac: 1.0
Img size  : 224   LoRA rank: 16
Aug       : basic   label smoothing: 0.0
Run name  : preflight
train split:    14  {'none': 9, 'infection': 4, 'ischaemia': 0, 'both': 1}
val   split:     3  {'none': 1, 'infection': 1, 'ischaemia': 1, 'both': 0}
test  split:     3  {'none': 3, 'infection': 0, 'ischaemia': 0, 'both': 0}
trainable params: 589,824 || all params: 87,170,304 || trainable%: 0.6766
Epoch   1/2  loss=0.7573  ce=1.5145  con=0.0000  train_acc=0.286  val_acc=0.333  val_f1=0.222  recall[none=1.00 infe=0.00 isch=0.00 both=0.00]  (0.7s)
Epoch   2/2  loss=0.5164  ce=1.0328  con=0.0000  train_acc=0.714  val_acc=0.333  val_f1=0.222  recall[none=1.00 infe=0.00 isch=0.00 both=0.00]  (0.3s)

Best epoch 1 (val macro-F1 0.2222) → test:
  acc=1.000  bal_acc=1.000  macro_f1=1.0000  macro_auc=n/a
  last epoch (2): macro_f1=1.0000  acc=1.000
  none       P=1.000  R=1.000  F1=1.000  n=3
  infection  P=0.000  R=0.000  F1=0.000  n=0
  ischaemia  P=0.000  R=0.000  F1=0.000  n=0
  both       P=0.000  R=0.000  F1=0.000  n=0
  confusion matrix (rows=true, cols=pred ['none', 'infection', 'ischaemia', 'both']):
    [3, 0, 0, 0]
    [0, 0, 0, 0]
    [0, 0, 0, 0]
    [0, 0, 0, 0]

Best weights → checkpoints/preflight_best.pt
Results      → logs/exp/preflight/preflight.json
