nohup: ignoring input
[  0m] Data: Data/DFUC2021_train  (9949 images).  Expect 9949 for the full DFUC2021 training set.
CUDA available: True NVIDIA L40S
[  0m] Budget 80 min, 2 parallel jobs, 8 data workers each, 20 epochs per run
[  0m] Caching the DINOv2 model (needs internet once) ...
[  0m] bf16 autocast: OK (enabled)
[  0m] Computing near-duplicate groups ...
--auto: largest allowed cluster 119 images -> threshold 0.85
Using threshold 0.85: 3925 groups, largest 114
random split           22.3%    3.8%    0.1%
group-aware split       0.0%    0.0%    0.0%
A large drop for the group-aware split confirms that random splits leak near-duplicates; use --group_csv for validation/model selection.
[  0m] Phase-1 checkpoint found: checkpoints/dfu_pretrained_backbone.pt (skipping pre-training)
[  0m] START g_scratch_basic_s0
[  0m] START g_pre_basic_s0
[  5m] START g_scratch_reg_s0
[  5m] START g_pre_reg_s0
[ 10m] stage done — longest job so far: 5 min
[ 10m] START g_scratch_reg_s1
[ 10m] START g_scratch_reg_s2
[ 15m] stage done — longest job so far: 5 min
[ 15m] Pseudo-labelling the unlabeled images with 3 teacher(s) + flip TTA ...
Predicted class counts: {'none': 1808, 'infection': 1858, 'ischaemia': 173, 'both': 155}
[ 17m] START g_student_s0
[ 17m] START g_scratch_basic_s1
[ 22m] START g_pre_basic_s1
[ 22m] START g_pre_reg_s1
[ 27m] stage done — longest job so far: 5 min
[ 27m] START g_student_s1
[ 27m] START g_student_s2
[ 32m] START g_scratch_basic_s2
[ 32m] START g_pre_basic_s2
[ 37m] START g_pre_reg_s2
[ 40m] stage done — longest job so far: 5 min
[ 40m] Ensemble / TTA evaluation ...
[ 40m] ensemble scratch_reg (3 models): ensemble: macro-F1=0.7974  bal_acc=0.811  acc=0.820  macro_auc=0.9272
[ 41m] ensemble scratch_reg + TTA (3 models): ensemble + TTA: macro-F1=0.8191  bal_acc=0.827  acc=0.831  macro_auc=0.9274
[ 41m] ensemble pre_reg (3 models): ensemble: macro-F1=0.8120  bal_acc=0.818  acc=0.804  macro_auc=0.9219
[ 41m] ensemble pre_reg + TTA (3 models): ensemble + TTA: macro-F1=0.8228  bal_acc=0.823  acc=0.807  macro_auc=0.9210
[ 42m] ensemble scratch_basic (3 models): ensemble: macro-F1=0.8018  bal_acc=0.800  acc=0.820  macro_auc=0.9469
[ 42m] ensemble scratch_basic + TTA (3 models): ensemble + TTA: macro-F1=0.8093  bal_acc=0.810  acc=0.811  macro_auc=0.9502
[ 42m] ensemble student (3 models): ensemble: macro-F1=0.8049  bal_acc=0.816  acc=0.825  macro_auc=0.9221
[ 43m] ensemble student + TTA (3 models): ensemble + TTA: macro-F1=0.8209  bal_acc=0.829  acc=0.836  macro_auc=0.9284
[ 43m] Summary (group-aware split; one row per condition):
  backends.update(_get_backends("networkx.backends"))

=== 100% of training labels (~4332 images) ===
run type                            n  macro-F1     F1 last-ep   macroAUC     F1[none]     F1[infe]     F1[isch]     F1[both]     
pretrained                          3  0.870±0.010  n/a          n/a          0.849±0.002  0.843±0.012  0.875±0.041  0.912±0.004  
pretrained [group+strong-aug+ls0.1]  3  0.782±0.028  0.748±0.047  0.911±0.004  0.803±0.006  0.758±0.025  0.731±0.039  0.836±0.048  
pretrained [group]                  3  0.799±0.009  0.783±0.022  0.934±0.015  0.794±0.025  0.779±0.015  0.771±0.047  0.851±0.021  
scratch                             3  0.880±0.017  n/a          n/a          0.879±0.021  0.868±0.024  0.859±0.032  0.914±0.032  
scratch [group+strong-aug+ls0.1+pseudo0.7]  3  0.783±0.009  0.781±0.007  0.898±0.016  0.817±0.012  0.793±0.015  0.701±0.056  0.821±0.021  
scratch [group+strong-aug+ls0.1]    3  0.769±0.007  0.769±0.021  0.905±0.023  0.816±0.022  0.798±0.015  0.655±0.047  0.805±0.014  
scratch [group]                     3  0.773±0.011  0.780±0.012  0.936±0.004  0.807±0.026  0.774±0.016  0.712±0.016  0.798±0.007  
  paired Δ macro-F1 pretrained−scratch: s0:-0.040  s1:+0.009  s2:-0.000  | mean -0.0105 (better in 1/3)  | last-epoch mean n/a
  paired Δ macro-F1 pretrained−scratch [group]: s0:+0.028  s1:+0.027  s2:+0.023  | mean +0.0259 (better in 3/3)  | last-epoch mean +0.0036
  paired Δ macro-F1 pretrained−scratch [group+strong-aug+ls0.1]: s0:-0.022  s1:+0.035  s2:+0.027  | mean +0.0137 (better in 2/3)  | last-epoch mean -0.0212

Per-run table → results/summary.csv
Experiment run finished after 43 min.
Skipped jobs: none
Failed jobs : 0  (see logs/exp/<name>.log)
Pseudo-labels: Pseudo-labels: +811 images  {'none': 400, 'infection': 280, 'ischaemia': 63, 'both': 68}
Groups: Using threshold 0.85: 3925 groups, largest 114
[ 43m] Done. Key files: results/summary.csv  results/*.json  logs/exp/summary.txt  logs/exp/ens_*.txt
