nohup: ignoring input
/scratch/sraghunandanan/DFU_Project/.venv/lib64/python3.9/site-packages/networkx/utils/backends.py:135: RuntimeWarning: networkx backend defined more than once: nx-loopback
  backends.update(_get_backends("networkx.backends"))
────────────────────────────────────────────────────────────
  SimMIM Pre-training  (Domain-Adaptive Phase 1)
────────────────────────────────────────────────────────────
Device     : cuda
Debug      : False
Epochs     : 30
Batch      : 32
Mask ratio : 0.6
Loss       : l1
Unlabeled imgs : 3994
trainable params: 589,824 || all params: 87,170,304 || trainable%: 0.6766
decoder params : 453,708
Epoch   1/30  loss=0.410508  (16.9s)
Epoch   2/30  loss=0.228451  (16.9s)
Epoch   3/30  loss=0.187072  (17.1s)
Epoch   4/30  loss=0.173351  (17.1s)
Epoch   5/30  loss=0.163863  (17.2s)
Epoch   6/30  loss=0.155097  (17.1s)
Epoch   7/30  loss=0.147597  (17.1s)
Epoch   8/30  loss=0.143276  (17.1s)
Epoch   9/30  loss=0.139082  (17.1s)
Epoch  10/30  loss=0.136154  (17.1s)
Epoch  11/30  loss=0.133975  (17.1s)
Epoch  12/30  loss=0.134150  (17.1s)
Epoch  13/30  loss=0.129491  (17.1s)
Epoch  14/30  loss=0.128407  (17.1s)
Epoch  15/30  loss=0.127476  (17.1s)
Epoch  16/30  loss=0.126750  (17.1s)
Epoch  17/30  loss=0.125167  (17.1s)
Epoch  18/30  loss=0.123471  (17.0s)
Epoch  19/30  loss=0.122798  (17.1s)
Epoch  20/30  loss=0.122116  (17.1s)
Epoch  21/30  loss=0.120762  (17.1s)
Epoch  22/30  loss=0.119406  (17.1s)
Epoch  23/30  loss=0.117433  (17.1s)
Epoch  24/30  loss=0.117980  (17.1s)
Epoch  25/30  loss=0.115773  (17.1s)
Epoch  26/30  loss=0.116658  (17.1s)
Epoch  27/30  loss=0.114645  (17.1s)
Epoch  28/30  loss=0.114353  (17.1s)
Epoch  29/30  loss=0.113412  (17.1s)
Epoch  30/30  loss=0.112100  (17.1s)
Full pretrain model  → checkpoints/dfu_pretrain_mim.pt
Backbone LoRA weights → checkpoints/dfu_pretrained_backbone.pt
/scratch/sraghunandanan/DFU_Project/.venv/lib64/python3.9/site-packages/networkx/utils/backends.py:135: RuntimeWarning: networkx backend defined more than once: nx-loopback
  backends.update(_get_backends("networkx.backends"))
Device : cuda
Debug  : False
Epochs : 30
Batch  : 32
LoRA   : checkpoints/dfu_pretrained_backbone.pt
Loaded Phase-1 LoRA weights from checkpoints/dfu_pretrained_backbone.pt
trainable params: 589,824 || all params: 87,170,304 || trainable%: 0.6766
Epoch   1/30  loss=2.0881  ce=0.7926  con=3.3835  acc=0.644  (25.7s)
Epoch   2/30  loss=1.8825  ce=0.5810  con=3.1840  acc=0.755  (25.2s)
Epoch   3/30  loss=1.8245  ce=0.5147  con=3.1343  acc=0.793  (25.3s)
Epoch   4/30  loss=1.7694  ce=0.4719  con=3.0670  acc=0.803  (25.4s)
Epoch   5/30  loss=1.7165  ce=0.4172  con=3.0158  acc=0.830  (25.4s)
Epoch   6/30  loss=1.6577  ce=0.3546  con=2.9607  acc=0.853  (25.4s)
Epoch   7/30  loss=1.5963  ce=0.2990  con=2.8936  acc=0.883  (25.4s)
Epoch   8/30  loss=1.5558  ce=0.2652  con=2.8464  acc=0.899  (25.4s)
Epoch   9/30  loss=1.4883  ce=0.2091  con=2.7674  acc=0.922  (25.4s)
Epoch  10/30  loss=1.4386  ce=0.1709  con=2.7063  acc=0.939  (25.4s)
Epoch  11/30  loss=1.4095  ce=0.1577  con=2.6614  acc=0.942  (25.3s)
Epoch  12/30  loss=1.3610  ce=0.1122  con=2.6099  acc=0.959  (25.3s)
Epoch  13/30  loss=1.3307  ce=0.0934  con=2.5681  acc=0.967  (25.3s)
Epoch  14/30  loss=1.3132  ce=0.0806  con=2.5457  acc=0.971  (25.4s)
Epoch  15/30  loss=1.2784  ce=0.0554  con=2.5013  acc=0.983  (25.3s)
Epoch  16/30  loss=1.2628  ce=0.0486  con=2.4770  acc=0.983  (25.3s)
Epoch  17/30  loss=1.2645  ce=0.0486  con=2.4804  acc=0.983  (25.3s)
Epoch  18/30  loss=1.2617  ce=0.0489  con=2.4746  acc=0.982  (25.4s)
Epoch  19/30  loss=1.2481  ce=0.0425  con=2.4537  acc=0.986  (25.4s)
Epoch  20/30  loss=1.2235  ce=0.0247  con=2.4223  acc=0.991  (25.4s)
Epoch  21/30  loss=1.2614  ce=0.0512  con=2.4716  acc=0.984  (25.4s)
Epoch  22/30  loss=1.2204  ce=0.0213  con=2.4195  acc=0.992  (25.3s)
Epoch  23/30  loss=1.2262  ce=0.0209  con=2.4316  acc=0.993  (25.4s)
Epoch  24/30  loss=1.2189  ce=0.0208  con=2.4170  acc=0.993  (25.3s)
Epoch  25/30  loss=1.2127  ce=0.0173  con=2.4080  acc=0.994  (25.4s)
Epoch  26/30  loss=1.2322  ce=0.0315  con=2.4329  acc=0.990  (25.3s)
Epoch  27/30  loss=1.2186  ce=0.0244  con=2.4128  acc=0.992  (25.3s)
Epoch  28/30  loss=1.2108  ce=0.0149  con=2.4068  acc=0.996  (25.3s)
Epoch  29/30  loss=1.2110  ce=0.0131  con=2.4089  acc=0.996  (25.4s)
Epoch  30/30  loss=1.2188  ce=0.0246  con=2.4131  acc=0.993  (25.3s)
Model saved to checkpoints/dfu_dino_lora.pt
