nohup: ignoring input
/scratch/sraghunandanan/DFU_Project/.venv/lib64/python3.9/site-packages/networkx/utils/backends.py:135: RuntimeWarning: networkx backend defined more than once: nx-loopback
  backends.update(_get_backends("networkx.backends"))
Device    : cuda
Debug     : False
Epochs    : 30
Batch     : 32
LoRA      : checkpoints/dfu_pretrained_backbone.pt
Seed      : 0 (split seed 0)
Imbalance : weights
Run name  : pretrained_seed0
train split:  4167  {'none': 1786, 'infection': 1787, 'ischaemia': 159, 'both': 435}
val   split:   894  {'none': 383, 'infection': 384, 'ischaemia': 34, 'both': 93}
test  split:   894  {'none': 383, 'infection': 384, 'ischaemia': 34, 'both': 93}
Loaded Phase-1 LoRA weights from checkpoints/dfu_pretrained_backbone.pt (48 LoRA tensors, 24 non-zero lora_B matrices)
trainable params: 589,824 || all params: 87,170,304 || trainable%: 0.6766
Epoch   1/30  loss=2.1369  ce=0.9685  con=3.3053  train_acc=0.563  val_acc=0.584  val_f1=0.550  recall[none=0.57 infe=0.54 isch=0.65 both=0.82]  (19.7s)
Epoch   2/30  loss=2.0105  ce=0.7659  con=3.2551  train_acc=0.657  val_acc=0.550  val_f1=0.456  recall[none=0.93 infe=0.18 isch=0.85 both=0.40]  (19.5s)
Epoch   3/30  loss=1.9319  ce=0.6452  con=3.2185  train_acc=0.691  val_acc=0.727  val_f1=0.735  recall[none=0.74 infe=0.70 isch=0.65 both=0.85]  (19.8s)
Epoch   4/30  loss=1.8837  ce=0.5790  con=3.1884  train_acc=0.704  val_acc=0.723  val_f1=0.716  recall[none=0.75 infe=0.68 isch=0.74 both=0.75]  (19.7s)
Epoch   5/30  loss=1.8401  ce=0.5207  con=3.1595  train_acc=0.724  val_acc=0.735  val_f1=0.712  recall[none=0.75 infe=0.71 isch=0.79 both=0.77]  (19.7s)
Epoch   6/30  loss=1.7777  ce=0.4513  con=3.1041  train_acc=0.762  val_acc=0.743  val_f1=0.730  recall[none=0.75 infe=0.69 isch=0.76 both=0.91]  (19.7s)
Epoch   7/30  loss=1.7542  ce=0.4185  con=3.0899  train_acc=0.774  val_acc=0.753  val_f1=0.736  recall[none=0.88 infe=0.62 isch=0.82 both=0.76]  (19.7s)
Epoch   8/30  loss=1.7384  ce=0.4052  con=3.0717  train_acc=0.771  val_acc=0.768  val_f1=0.762  recall[none=0.75 infe=0.74 isch=0.82 both=0.97]  (19.8s)
Epoch   9/30  loss=1.6888  ce=0.3481  con=3.0295  train_acc=0.804  val_acc=0.774  val_f1=0.752  recall[none=0.75 infe=0.79 isch=0.82 both=0.80]  (19.8s)
Epoch  10/30  loss=1.6511  ce=0.3153  con=2.9868  train_acc=0.815  val_acc=0.755  val_f1=0.741  recall[none=0.74 infe=0.76 isch=0.79 both=0.77]  (19.8s)
Epoch  11/30  loss=1.6564  ce=0.3240  con=2.9888  train_acc=0.815  val_acc=0.784  val_f1=0.791  recall[none=0.75 infe=0.79 isch=0.82 both=0.90]  (19.8s)
Epoch  12/30  loss=1.6366  ce=0.2960  con=2.9772  train_acc=0.833  val_acc=0.777  val_f1=0.762  recall[none=0.88 infe=0.65 isch=0.82 both=0.88]  (19.7s)
Epoch  13/30  loss=1.5980  ce=0.2736  con=2.9224  train_acc=0.838  val_acc=0.779  val_f1=0.783  recall[none=0.64 infe=0.90 isch=0.76 both=0.87]  (19.7s)
Epoch  14/30  loss=1.5779  ce=0.2484  con=2.9075  train_acc=0.854  val_acc=0.814  val_f1=0.817  recall[none=0.82 infe=0.79 isch=0.82 both=0.89]  (19.7s)
Epoch  15/30  loss=1.5398  ce=0.2148  con=2.8648  train_acc=0.871  val_acc=0.811  val_f1=0.824  recall[none=0.76 infe=0.84 isch=0.76 both=0.94]  (19.7s)
Epoch  16/30  loss=1.5364  ce=0.2127  con=2.8601  train_acc=0.865  val_acc=0.827  val_f1=0.828  recall[none=0.81 infe=0.83 isch=0.79 both=0.90]  (19.6s)
Epoch  17/30  loss=1.5186  ce=0.2102  con=2.8269  train_acc=0.882  val_acc=0.820  val_f1=0.824  recall[none=0.87 infe=0.75 isch=0.76 both=0.90]  (19.7s)
Epoch  18/30  loss=1.4775  ce=0.1696  con=2.7854  train_acc=0.901  val_acc=0.804  val_f1=0.795  recall[none=0.87 infe=0.71 isch=0.82 both=0.91]  (19.7s)
Epoch  19/30  loss=1.4523  ce=0.1540  con=2.7507  train_acc=0.910  val_acc=0.815  val_f1=0.817  recall[none=0.92 infe=0.70 isch=0.71 both=0.89]  (19.7s)
Epoch  20/30  loss=1.4544  ce=0.1551  con=2.7537  train_acc=0.912  val_acc=0.833  val_f1=0.845  recall[none=0.89 infe=0.76 isch=0.79 both=0.92]  (19.7s)
Epoch  21/30  loss=1.4740  ce=0.1965  con=2.7516  train_acc=0.907  val_acc=0.831  val_f1=0.827  recall[none=0.90 infe=0.76 isch=0.79 both=0.88]  (19.6s)
Epoch  22/30  loss=1.3927  ce=0.1161  con=2.6693  train_acc=0.936  val_acc=0.827  val_f1=0.838  recall[none=0.82 infe=0.83 isch=0.85 both=0.86]  (19.7s)
Epoch  23/30  loss=1.3932  ce=0.1173  con=2.6691  train_acc=0.932  val_acc=0.834  val_f1=0.820  recall[none=0.83 infe=0.83 isch=0.82 both=0.89]  (19.8s)
Epoch  24/30  loss=1.3841  ce=0.1119  con=2.6564  train_acc=0.940  val_acc=0.831  val_f1=0.833  recall[none=0.80 infe=0.84 isch=0.82 both=0.91]  (19.7s)
Epoch  25/30  loss=1.3680  ce=0.1018  con=2.6342  train_acc=0.946  val_acc=0.839  val_f1=0.826  recall[none=0.86 infe=0.79 isch=0.76 both=0.97]  (19.7s)
Epoch  26/30  loss=1.3526  ce=0.0944  con=2.6108  train_acc=0.948  val_acc=0.839  val_f1=0.839  recall[none=0.91 infe=0.77 isch=0.74 both=0.89]  (19.7s)
Epoch  27/30  loss=1.3248  ce=0.0782  con=2.5713  train_acc=0.960  val_acc=0.832  val_f1=0.847  recall[none=0.77 infe=0.86 isch=0.88 both=0.95]  (19.7s)
Epoch  28/30  loss=1.3147  ce=0.0722  con=2.5572  train_acc=0.957  val_acc=0.840  val_f1=0.835  recall[none=0.94 infe=0.74 isch=0.76 both=0.86]  (19.7s)
Epoch  29/30  loss=1.2858  ce=0.0616  con=2.5099  train_acc=0.974  val_acc=0.859  val_f1=0.869  recall[none=0.84 infe=0.86 isch=0.82 both=0.96]  (19.7s)
Epoch  30/30  loss=1.2907  ce=0.0564  con=2.5250  train_acc=0.972  val_acc=0.865  val_f1=0.858  recall[none=0.88 infe=0.84 isch=0.82 both=0.92]  (19.7s)

Best epoch 29 (val macro-F1 0.8693) → test:
  acc=0.853  bal_acc=0.860  macro_f1=0.8585
  none       P=0.865  R=0.836  F1=0.850  n=383
  infection  P=0.838  R=0.852  F1=0.845  n=384
  ischaemia  P=0.871  R=0.794  F1=0.831  n=34
  both       P=0.864  R=0.957  F1=0.908  n=93
  confusion matrix (rows=true, cols=pred ['none', 'infection', 'ischaemia', 'both']):
    [320, 60, 1, 2]
    [49, 327, 0, 8]
    [1, 2, 27, 4]
    [0, 1, 3, 89]

Best weights → checkpoints/pretrained_seed0_best.pt
Results      → results/pretrained_seed0.json
/scratch/sraghunandanan/DFU_Project/.venv/lib64/python3.9/site-packages/networkx/utils/backends.py:135: RuntimeWarning: networkx backend defined more than once: nx-loopback
  backends.update(_get_backends("networkx.backends"))
Device    : cuda
Debug     : False
Epochs    : 30
Batch     : 32
LoRA      : scratch
Seed      : 1 (split seed 1)
Imbalance : weights
Run name  : scratch_seed1
train split:  4167  {'none': 1786, 'infection': 1787, 'ischaemia': 159, 'both': 435}
val   split:   894  {'none': 383, 'infection': 384, 'ischaemia': 34, 'both': 93}
test  split:   894  {'none': 383, 'infection': 384, 'ischaemia': 34, 'both': 93}
trainable params: 589,824 || all params: 87,170,304 || trainable%: 0.6766
Epoch   1/30  loss=2.2298  ce=0.9858  con=3.4739  train_acc=0.572  val_acc=0.699  val_f1=0.678  recall[none=0.64 infe=0.71 isch=0.79 both=0.86]  (20.5s)
Epoch   2/30  loss=1.9465  ce=0.6514  con=3.2417  train_acc=0.719  val_acc=0.767  val_f1=0.767  recall[none=0.74 infe=0.76 isch=0.82 both=0.87]  (19.8s)
Epoch   3/30  loss=1.8430  ce=0.5099  con=3.1761  train_acc=0.765  val_acc=0.790  val_f1=0.811  recall[none=0.78 infe=0.78 isch=0.94 both=0.84]  (19.7s)
Epoch   4/30  loss=1.7990  ce=0.4604  con=3.1376  train_acc=0.780  val_acc=0.766  val_f1=0.791  recall[none=0.63 infe=0.86 isch=0.88 both=0.90]  (19.6s)
Epoch   5/30  loss=1.7175  ce=0.3604  con=3.0746  train_acc=0.808  val_acc=0.801  val_f1=0.803  recall[none=0.86 infe=0.71 isch=0.94 both=0.85]  (19.6s)
Epoch   6/30  loss=1.6779  ce=0.3247  con=3.0311  train_acc=0.823  val_acc=0.786  val_f1=0.800  recall[none=0.89 infe=0.64 isch=0.97 both=0.89]  (19.7s)
Epoch   7/30  loss=1.6346  ce=0.2875  con=2.9818  train_acc=0.834  val_acc=0.787  val_f1=0.788  recall[none=0.90 infe=0.65 isch=0.97 both=0.84]  (19.7s)
Epoch   8/30  loss=1.5897  ce=0.2523  con=2.9272  train_acc=0.854  val_acc=0.805  val_f1=0.791  recall[none=0.82 infe=0.77 isch=0.97 both=0.83]  (19.7s)
Epoch   9/30  loss=1.5609  ce=0.2187  con=2.9030  train_acc=0.879  val_acc=0.818  val_f1=0.856  recall[none=0.87 infe=0.73 isch=0.97 both=0.91]  (19.7s)
Epoch  10/30  loss=1.5171  ce=0.1863  con=2.8479  train_acc=0.891  val_acc=0.805  val_f1=0.824  recall[none=0.87 infe=0.70 isch=0.94 both=0.92]  (19.7s)
Epoch  11/30  loss=1.5309  ce=0.2234  con=2.8384  train_acc=0.879  val_acc=0.822  val_f1=0.852  recall[none=0.73 infe=0.88 isch=0.82 both=0.95]  (19.7s)
Epoch  12/30  loss=1.4800  ce=0.1639  con=2.7962  train_acc=0.908  val_acc=0.810  val_f1=0.804  recall[none=0.86 infe=0.71 isch=0.94 both=0.95]  (19.7s)
Epoch  13/30  loss=1.4451  ce=0.1344  con=2.7558  train_acc=0.924  val_acc=0.823  val_f1=0.855  recall[none=0.77 infe=0.83 isch=0.94 both=0.97]  (19.7s)
Epoch  14/30  loss=1.3991  ce=0.1054  con=2.6928  train_acc=0.945  val_acc=0.834  val_f1=0.865  recall[none=0.78 infe=0.85 isch=0.91 both=0.96]  (19.7s)
Epoch  15/30  loss=1.3753  ce=0.0943  con=2.6564  train_acc=0.949  val_acc=0.834  val_f1=0.870  recall[none=0.74 infe=0.89 isch=0.94 both=0.95]  (19.7s)
Epoch  16/30  loss=1.3564  ce=0.0822  con=2.6307  train_acc=0.958  val_acc=0.847  val_f1=0.865  recall[none=0.86 infe=0.79 isch=0.97 both=0.97]  (19.7s)
Epoch  17/30  loss=1.3476  ce=0.0860  con=2.6092  train_acc=0.956  val_acc=0.856  val_f1=0.864  recall[none=0.85 infe=0.83 isch=0.91 both=0.97]  (19.6s)
Epoch  18/30  loss=1.3066  ce=0.0587  con=2.5545  train_acc=0.975  val_acc=0.859  val_f1=0.873  recall[none=0.84 infe=0.87 isch=0.85 both=0.92]  (19.7s)
Epoch  19/30  loss=1.3280  ce=0.0850  con=2.5710  train_acc=0.969  val_acc=0.880  val_f1=0.907  recall[none=0.88 infe=0.86 isch=0.91 both=0.96]  (19.7s)
Epoch  20/30  loss=1.2603  ce=0.0355  con=2.4850  train_acc=0.987  val_acc=0.859  val_f1=0.876  recall[none=0.87 infe=0.81 isch=0.94 both=0.96]  (19.6s)
Epoch  21/30  loss=1.2573  ce=0.0326  con=2.4820  train_acc=0.987  val_acc=0.852  val_f1=0.883  recall[none=0.81 infe=0.85 isch=0.94 both=0.98]  (19.7s)
Epoch  22/30  loss=1.2455  ce=0.0259  con=2.4652  train_acc=0.989  val_acc=0.862  val_f1=0.874  recall[none=0.88 infe=0.83 isch=0.94 both=0.91]  (19.6s)
Epoch  23/30  loss=1.2284  ce=0.0225  con=2.4343  train_acc=0.991  val_acc=0.871  val_f1=0.896  recall[none=0.87 infe=0.84 isch=0.91 both=0.97]  (19.6s)
Epoch  24/30  loss=1.2334  ce=0.0197  con=2.4471  train_acc=0.992  val_acc=0.868  val_f1=0.880  recall[none=0.84 infe=0.87 isch=0.94 both=0.95]  (19.7s)
Epoch  25/30  loss=1.2387  ce=0.0373  con=2.4402  train_acc=0.991  val_acc=0.853  val_f1=0.877  recall[none=0.88 infe=0.80 isch=0.91 both=0.95]  (19.7s)
Epoch  26/30  loss=1.2287  ce=0.0207  con=2.4367  train_acc=0.992  val_acc=0.870  val_f1=0.887  recall[none=0.90 infe=0.83 isch=0.91 both=0.94]  (19.7s)
Epoch  27/30  loss=1.2738  ce=0.0635  con=2.4841  train_acc=0.982  val_acc=0.850  val_f1=0.862  recall[none=0.84 infe=0.84 isch=0.94 both=0.94]  (19.7s)
Epoch  28/30  loss=1.2456  ce=0.0327  con=2.4585  train_acc=0.985  val_acc=0.853  val_f1=0.876  recall[none=0.82 infe=0.85 isch=0.94 both=0.97]  (19.8s)
Epoch  29/30  loss=1.2148  ce=0.0130  con=2.4166  train_acc=0.994  val_acc=0.874  val_f1=0.889  recall[none=0.89 infe=0.84 isch=0.91 both=0.94]  (19.7s)
Epoch  30/30  loss=1.2171  ce=0.0155  con=2.4187  train_acc=0.996  val_acc=0.870  val_f1=0.892  recall[none=0.82 infe=0.89 isch=0.94 both=0.95]  (19.7s)

Best epoch 19 (val macro-F1 0.9073) → test:
  acc=0.853  bal_acc=0.847  macro_f1=0.8655
  none       P=0.863  R=0.854  F1=0.858  n=383
  infection  P=0.832  R=0.849  F1=0.840  n=384
  ischaemia  P=1.000  R=0.794  F1=0.885  n=34
  both       P=0.865  R=0.892  F1=0.878  n=93
  confusion matrix (rows=true, cols=pred ['none', 'infection', 'ischaemia', 'both']):
    [327, 56, 0, 0]
    [50, 326, 0, 8]
    [2, 0, 27, 5]
    [0, 10, 0, 83]

Best weights → checkpoints/scratch_seed1_best.pt
Results      → results/scratch_seed1.json
/scratch/sraghunandanan/DFU_Project/.venv/lib64/python3.9/site-packages/networkx/utils/backends.py:135: RuntimeWarning: networkx backend defined more than once: nx-loopback
  backends.update(_get_backends("networkx.backends"))
Device    : cuda
Debug     : False
Epochs    : 30
Batch     : 32
LoRA      : checkpoints/dfu_pretrained_backbone.pt
Seed      : 1 (split seed 1)
Imbalance : weights
Run name  : pretrained_seed1
train split:  4167  {'none': 1786, 'infection': 1787, 'ischaemia': 159, 'both': 435}
val   split:   894  {'none': 383, 'infection': 384, 'ischaemia': 34, 'both': 93}
test  split:   894  {'none': 383, 'infection': 384, 'ischaemia': 34, 'both': 93}
Loaded Phase-1 LoRA weights from checkpoints/dfu_pretrained_backbone.pt (48 LoRA tensors, 24 non-zero lora_B matrices)
trainable params: 589,824 || all params: 87,170,304 || trainable%: 0.6766
Epoch   1/30  loss=2.1554  ce=0.9899  con=3.3208  train_acc=0.568  val_acc=0.641  val_f1=0.628  recall[none=0.59 infe=0.62 isch=0.79 both=0.88]  (20.1s)
Epoch   2/30  loss=2.0017  ce=0.7493  con=3.2540  train_acc=0.670  val_acc=0.690  val_f1=0.696  recall[none=0.75 infe=0.58 isch=0.91 both=0.81]  (19.7s)
Epoch   3/30  loss=1.9347  ce=0.6383  con=3.2312  train_acc=0.704  val_acc=0.730  val_f1=0.749  recall[none=0.72 infe=0.70 isch=0.76 both=0.88]  (19.6s)
Epoch   4/30  loss=1.8968  ce=0.5948  con=3.1987  train_acc=0.716  val_acc=0.730  val_f1=0.757  recall[none=0.60 infe=0.82 isch=0.79 both=0.87]  (19.7s)
Epoch   5/30  loss=1.8384  ce=0.5095  con=3.1674  train_acc=0.743  val_acc=0.702  val_f1=0.623  recall[none=0.90 infe=0.55 isch=0.88 both=0.45]  (19.6s)
Epoch   6/30  loss=1.8119  ce=0.4865  con=3.1374  train_acc=0.758  val_acc=0.780  val_f1=0.793  recall[none=0.87 infe=0.66 isch=0.85 both=0.87]  (19.6s)
Epoch   7/30  loss=1.7513  ce=0.4084  con=3.0942  train_acc=0.785  val_acc=0.754  val_f1=0.726  recall[none=0.83 infe=0.66 isch=0.97 both=0.77]  (19.6s)
Epoch   8/30  loss=1.7337  ce=0.4017  con=3.0657  train_acc=0.799  val_acc=0.784  val_f1=0.807  recall[none=0.86 infe=0.65 isch=0.88 both=0.97]  (19.7s)
Epoch   9/30  loss=1.6976  ce=0.3579  con=3.0373  train_acc=0.814  val_acc=0.774  val_f1=0.796  recall[none=0.90 infe=0.60 isch=0.94 both=0.94]  (19.7s)
Epoch  10/30  loss=1.6293  ce=0.2847  con=2.9740  train_acc=0.836  val_acc=0.794  val_f1=0.830  recall[none=0.89 infe=0.67 isch=0.82 both=0.90]  (19.7s)
Epoch  11/30  loss=1.6260  ce=0.2976  con=2.9545  train_acc=0.838  val_acc=0.794  val_f1=0.816  recall[none=0.91 infe=0.64 isch=0.85 both=0.92]  (19.7s)
Epoch  12/30  loss=1.5858  ce=0.2485  con=2.9232  train_acc=0.858  val_acc=0.813  val_f1=0.830  recall[none=0.81 infe=0.77 isch=0.88 both=0.97]  (19.8s)
Epoch  13/30  loss=1.5468  ce=0.2124  con=2.8811  train_acc=0.878  val_acc=0.836  val_f1=0.850  recall[none=0.81 infe=0.83 isch=0.88 both=0.94]  (19.7s)
Epoch  14/30  loss=1.5097  ce=0.1790  con=2.8405  train_acc=0.897  val_acc=0.839  val_f1=0.865  recall[none=0.81 infe=0.85 isch=0.91 both=0.89]  (19.7s)
Epoch  15/30  loss=1.5003  ce=0.1866  con=2.8140  train_acc=0.896  val_acc=0.842  val_f1=0.876  recall[none=0.80 infe=0.86 isch=0.88 both=0.94]  (19.7s)
Epoch  16/30  loss=1.4933  ce=0.1965  con=2.7901  train_acc=0.897  val_acc=0.831  val_f1=0.851  recall[none=0.80 infe=0.82 isch=0.91 both=0.95]  (19.7s)
Epoch  17/30  loss=1.4365  ce=0.1390  con=2.7341  train_acc=0.924  val_acc=0.832  val_f1=0.867  recall[none=0.90 infe=0.74 isch=0.91 both=0.91]  (19.7s)
Epoch  18/30  loss=1.4029  ce=0.1218  con=2.6839  train_acc=0.929  val_acc=0.832  val_f1=0.867  recall[none=0.71 infe=0.92 isch=0.91 both=0.92]  (19.7s)
Epoch  19/30  loss=1.3983  ce=0.1194  con=2.6771  train_acc=0.934  val_acc=0.836  val_f1=0.836  recall[none=0.83 infe=0.82 isch=0.94 both=0.87]  (19.7s)
Epoch  20/30  loss=1.3522  ce=0.0893  con=2.6151  train_acc=0.956  val_acc=0.843  val_f1=0.874  recall[none=0.74 infe=0.91 isch=0.91 both=0.95]  (19.7s)
Epoch  21/30  loss=1.3375  ce=0.0751  con=2.6000  train_acc=0.962  val_acc=0.864  val_f1=0.870  recall[none=0.84 infe=0.86 isch=0.85 both=0.97]  (19.8s)
Epoch  22/30  loss=1.3503  ce=0.0919  con=2.6086  train_acc=0.952  val_acc=0.861  val_f1=0.876  recall[none=0.89 infe=0.82 isch=0.91 both=0.90]  (19.7s)
Epoch  23/30  loss=1.3014  ce=0.0587  con=2.5441  train_acc=0.971  val_acc=0.861  val_f1=0.866  recall[none=0.84 infe=0.89 isch=0.85 both=0.86]  (19.6s)
Epoch  24/30  loss=1.2992  ce=0.0546  con=2.5439  train_acc=0.970  val_acc=0.845  val_f1=0.867  recall[none=0.76 infe=0.89 isch=0.88 both=0.97]  (19.7s)
Epoch  25/30  loss=1.2879  ce=0.0568  con=2.5191  train_acc=0.974  val_acc=0.862  val_f1=0.866  recall[none=0.89 infe=0.82 isch=0.88 both=0.92]  (19.7s)
Epoch  26/30  loss=1.2819  ce=0.0501  con=2.5136  train_acc=0.978  val_acc=0.861  val_f1=0.876  recall[none=0.84 infe=0.87 isch=0.85 both=0.92]  (19.6s)
Epoch  27/30  loss=1.2709  ce=0.0424  con=2.4993  train_acc=0.981  val_acc=0.865  val_f1=0.884  recall[none=0.85 infe=0.86 isch=0.85 both=0.95]  (19.8s)
Epoch  28/30  loss=1.2687  ce=0.0406  con=2.4969  train_acc=0.978  val_acc=0.846  val_f1=0.875  recall[none=0.75 infe=0.91 isch=0.91 both=0.92]  (19.7s)
Epoch  29/30  loss=1.2503  ce=0.0316  con=2.4690  train_acc=0.982  val_acc=0.870  val_f1=0.885  recall[none=0.81 infe=0.91 isch=0.88 both=0.94]  (19.7s)
Epoch  30/30  loss=1.2480  ce=0.0285  con=2.4674  train_acc=0.987  val_acc=0.875  val_f1=0.862  recall[none=0.85 infe=0.89 isch=0.94 both=0.88]  (19.7s)

Best epoch 29 (val macro-F1 0.8845) → test:
  acc=0.859  bal_acc=0.879  macro_f1=0.8740
  none       P=0.903  R=0.802  F1=0.849  n=383
  infection  P=0.815  R=0.896  F1=0.854  n=384
  ischaemia  P=0.882  R=0.882  F1=0.882  n=34
  both       P=0.888  R=0.935  F1=0.911  n=93
  confusion matrix (rows=true, cols=pred ['none', 'infection', 'ischaemia', 'both']):
    [307, 73, 1, 2]
    [32, 344, 2, 6]
    [1, 0, 30, 3]
    [0, 5, 1, 87]

Best weights → checkpoints/pretrained_seed1_best.pt
Results      → results/pretrained_seed1.json
/scratch/sraghunandanan/DFU_Project/.venv/lib64/python3.9/site-packages/networkx/utils/backends.py:135: RuntimeWarning: networkx backend defined more than once: nx-loopback
  backends.update(_get_backends("networkx.backends"))
Device    : cuda
Debug     : False
Epochs    : 30
Batch     : 32
LoRA      : scratch
Seed      : 2 (split seed 2)
Imbalance : weights
Run name  : scratch_seed2
train split:  4167  {'none': 1786, 'infection': 1787, 'ischaemia': 159, 'both': 435}
val   split:   894  {'none': 383, 'infection': 384, 'ischaemia': 34, 'both': 93}
test  split:   894  {'none': 383, 'infection': 384, 'ischaemia': 34, 'both': 93}
trainable params: 589,824 || all params: 87,170,304 || trainable%: 0.6766
Epoch   1/30  loss=2.2437  ce=1.0005  con=3.4868  train_acc=0.591  val_acc=0.674  val_f1=0.644  recall[none=0.79 infe=0.53 isch=0.79 both=0.74]  (20.6s)
Epoch   2/30  loss=1.9429  ce=0.6551  con=3.2307  train_acc=0.726  val_acc=0.696  val_f1=0.634  recall[none=0.86 infe=0.56 isch=0.88 both=0.51]  (19.6s)
Epoch   3/30  loss=1.8690  ce=0.5611  con=3.1770  train_acc=0.750  val_acc=0.700  val_f1=0.638  recall[none=0.89 infe=0.57 isch=0.91 both=0.41]  (19.7s)
Epoch   4/30  loss=1.8045  ce=0.4789  con=3.1302  train_acc=0.776  val_acc=0.762  val_f1=0.778  recall[none=0.87 infe=0.62 isch=0.88 both=0.84]  (19.6s)
Epoch   5/30  loss=1.7353  ce=0.3926  con=3.0780  train_acc=0.808  val_acc=0.739  val_f1=0.744  recall[none=0.91 infe=0.56 isch=0.88 both=0.72]  (19.7s)
Epoch   6/30  loss=1.6901  ce=0.3558  con=3.0245  train_acc=0.812  val_acc=0.800  val_f1=0.820  recall[none=0.80 infe=0.77 isch=0.88 both=0.89]  (19.6s)
Epoch   7/30  loss=1.6336  ce=0.2865  con=2.9807  train_acc=0.837  val_acc=0.776  val_f1=0.805  recall[none=0.65 infe=0.86 isch=0.79 both=0.95]  (19.6s)
Epoch   8/30  loss=1.5934  ce=0.2558  con=2.9309  train_acc=0.852  val_acc=0.791  val_f1=0.811  recall[none=0.90 infe=0.65 isch=0.85 both=0.90]  (19.7s)
Epoch   9/30  loss=1.5628  ce=0.2279  con=2.8976  train_acc=0.871  val_acc=0.799  val_f1=0.838  recall[none=0.72 infe=0.84 isch=0.85 both=0.94]  (19.7s)
Epoch  10/30  loss=1.5325  ce=0.2030  con=2.8620  train_acc=0.882  val_acc=0.826  val_f1=0.859  recall[none=0.79 infe=0.83 isch=0.85 both=0.97]  (19.6s)
Epoch  11/30  loss=1.4759  ce=0.1576  con=2.7943  train_acc=0.903  val_acc=0.826  val_f1=0.862  recall[none=0.82 infe=0.80 isch=0.85 both=0.95]  (19.7s)
Epoch  12/30  loss=1.4585  ce=0.1483  con=2.7687  train_acc=0.910  val_acc=0.846  val_f1=0.855  recall[none=0.82 infe=0.85 isch=0.91 both=0.91]  (19.7s)
Epoch  13/30  loss=1.4546  ce=0.1607  con=2.7485  train_acc=0.916  val_acc=0.804  val_f1=0.850  recall[none=0.90 infe=0.68 isch=0.85 both=0.94]  (19.7s)
Epoch  14/30  loss=1.4210  ce=0.1316  con=2.7103  train_acc=0.918  val_acc=0.839  val_f1=0.867  recall[none=0.81 infe=0.85 isch=0.82 both=0.92]  (19.6s)
Epoch  15/30  loss=1.3634  ce=0.0892  con=2.6376  train_acc=0.951  val_acc=0.836  val_f1=0.844  recall[none=0.80 infe=0.83 isch=0.97 both=0.95]  (19.7s)
Epoch  16/30  loss=1.3434  ce=0.0808  con=2.6061  train_acc=0.959  val_acc=0.827  val_f1=0.809  recall[none=0.87 infe=0.75 isch=0.97 both=0.91]  (19.7s)
Epoch  17/30  loss=1.3465  ce=0.1009  con=2.5920  train_acc=0.949  val_acc=0.852  val_f1=0.865  recall[none=0.84 infe=0.84 isch=0.91 both=0.90]  (19.7s)
Epoch  18/30  loss=1.2930  ce=0.0559  con=2.5301  train_acc=0.970  val_acc=0.836  val_f1=0.842  recall[none=0.76 infe=0.88 isch=0.79 both=0.97]  (19.7s)
Epoch  19/30  loss=1.2892  ce=0.0502  con=2.5283  train_acc=0.974  val_acc=0.827  val_f1=0.845  recall[none=0.91 infe=0.71 isch=0.85 both=0.92]  (19.7s)
Epoch  20/30  loss=1.2688  ce=0.0386  con=2.4990  train_acc=0.979  val_acc=0.836  val_f1=0.841  recall[none=0.88 infe=0.78 isch=0.94 both=0.85]  (19.7s)
Epoch  21/30  loss=1.2723  ce=0.0508  con=2.4937  train_acc=0.980  val_acc=0.827  val_f1=0.824  recall[none=0.80 infe=0.86 isch=0.91 both=0.76]  (19.6s)
Epoch  22/30  loss=1.2846  ce=0.0612  con=2.5079  train_acc=0.976  val_acc=0.862  val_f1=0.864  recall[none=0.90 infe=0.81 isch=0.88 both=0.89]  (19.7s)
Epoch  23/30  loss=1.2518  ce=0.0399  con=2.4637  train_acc=0.982  val_acc=0.864  val_f1=0.868  recall[none=0.85 infe=0.87 isch=0.91 both=0.86]  (19.7s)
Epoch  24/30  loss=1.2379  ce=0.0253  con=2.4505  train_acc=0.988  val_acc=0.857  val_f1=0.861  recall[none=0.91 infe=0.79 isch=0.94 both=0.89]  (19.6s)
Epoch  25/30  loss=1.2351  ce=0.0270  con=2.4431  train_acc=0.987  val_acc=0.855  val_f1=0.863  recall[none=0.86 infe=0.84 isch=0.85 both=0.91]  (19.6s)
Epoch  26/30  loss=1.2365  ce=0.0388  con=2.4341  train_acc=0.988  val_acc=0.851  val_f1=0.859  recall[none=0.86 infe=0.83 isch=0.82 both=0.88]  (19.7s)
Epoch  27/30  loss=1.2233  ce=0.0180  con=2.4286  train_acc=0.992  val_acc=0.867  val_f1=0.874  recall[none=0.86 infe=0.86 isch=0.85 both=0.89]  (19.7s)
Epoch  28/30  loss=1.2156  ce=0.0172  con=2.4140  train_acc=0.993  val_acc=0.860  val_f1=0.867  recall[none=0.91 infe=0.81 isch=0.85 both=0.85]  (19.7s)
Epoch  29/30  loss=1.2226  ce=0.0215  con=2.4237  train_acc=0.991  val_acc=0.864  val_f1=0.861  recall[none=0.89 infe=0.85 isch=0.85 both=0.83]  (19.6s)
Epoch  30/30  loss=1.2297  ce=0.0248  con=2.4346  train_acc=0.987  val_acc=0.869  val_f1=0.874  recall[none=0.91 infe=0.82 isch=0.88 both=0.88]  (19.6s)

Best epoch 27 (val macro-F1 0.8743) → test:
  acc=0.880  bal_acc=0.874  macro_f1=0.8766
  none       P=0.896  R=0.859  F1=0.877  n=383
  infection  P=0.856  R=0.898  F1=0.877  n=384
  ischaemia  P=0.824  R=0.824  F1=0.824  n=34
  both       P=0.944  R=0.914  F1=0.929  n=93
  confusion matrix (rows=true, cols=pred ['none', 'infection', 'ischaemia', 'both']):
    [329, 49, 5, 0]
    [37, 345, 0, 2]
    [1, 2, 28, 3]
    [0, 7, 1, 85]

Best weights → checkpoints/scratch_seed2_best.pt
Results      → results/scratch_seed2.json
/scratch/sraghunandanan/DFU_Project/.venv/lib64/python3.9/site-packages/networkx/utils/backends.py:135: RuntimeWarning: networkx backend defined more than once: nx-loopback
  backends.update(_get_backends("networkx.backends"))
Device    : cuda
Debug     : False
Epochs    : 30
Batch     : 32
LoRA      : checkpoints/dfu_pretrained_backbone.pt
Seed      : 2 (split seed 2)
Imbalance : weights
Run name  : pretrained_seed2
train split:  4167  {'none': 1786, 'infection': 1787, 'ischaemia': 159, 'both': 435}
val   split:   894  {'none': 383, 'infection': 384, 'ischaemia': 34, 'both': 93}
test  split:   894  {'none': 383, 'infection': 384, 'ischaemia': 34, 'both': 93}
Loaded Phase-1 LoRA weights from checkpoints/dfu_pretrained_backbone.pt (48 LoRA tensors, 24 non-zero lora_B matrices)
trainable params: 589,824 || all params: 87,170,304 || trainable%: 0.6766
Epoch   1/30  loss=2.1546  ce=0.9868  con=3.3224  train_acc=0.554  val_acc=0.616  val_f1=0.589  recall[none=0.90 infe=0.32 isch=0.76 both=0.60]  (20.2s)
Epoch   2/30  loss=2.0071  ce=0.7604  con=3.2539  train_acc=0.662  val_acc=0.619  val_f1=0.585  recall[none=0.89 infe=0.33 isch=0.85 both=0.61]  (19.7s)
Epoch   3/30  loss=1.9484  ce=0.6758  con=3.2211  train_acc=0.688  val_acc=0.661  val_f1=0.614  recall[none=0.84 infe=0.52 isch=0.88 both=0.44]  (19.7s)
Epoch   4/30  loss=1.8830  ce=0.5759  con=3.1900  train_acc=0.729  val_acc=0.720  val_f1=0.755  recall[none=0.71 infe=0.68 isch=0.79 both=0.89]  (19.6s)
Epoch   5/30  loss=1.8358  ce=0.5075  con=3.1641  train_acc=0.742  val_acc=0.691  val_f1=0.651  recall[none=0.83 infe=0.59 isch=0.85 both=0.47]  (19.6s)
Epoch   6/30  loss=1.8065  ce=0.4876  con=3.1254  train_acc=0.752  val_acc=0.717  val_f1=0.740  recall[none=0.82 infe=0.57 isch=0.79 both=0.89]  (19.6s)
Epoch   7/30  loss=1.7572  ce=0.4184  con=3.0959  train_acc=0.786  val_acc=0.760  val_f1=0.790  recall[none=0.72 infe=0.76 isch=0.79 both=0.91]  (19.6s)
Epoch   8/30  loss=1.7146  ce=0.3825  con=3.0468  train_acc=0.799  val_acc=0.725  val_f1=0.770  recall[none=0.88 infe=0.53 isch=0.82 both=0.86]  (19.6s)
Epoch   9/30  loss=1.6915  ce=0.3435  con=3.0396  train_acc=0.809  val_acc=0.772  val_f1=0.799  recall[none=0.83 infe=0.70 isch=0.76 both=0.84]  (19.6s)
Epoch  10/30  loss=1.6432  ce=0.2992  con=2.9873  train_acc=0.830  val_acc=0.768  val_f1=0.807  recall[none=0.80 infe=0.70 isch=0.79 both=0.90]  (19.6s)
Epoch  11/30  loss=1.6345  ce=0.2979  con=2.9711  train_acc=0.833  val_acc=0.779  val_f1=0.808  recall[none=0.87 infe=0.67 isch=0.82 both=0.80]  (19.7s)
Epoch  12/30  loss=1.5918  ce=0.2539  con=2.9298  train_acc=0.851  val_acc=0.795  val_f1=0.819  recall[none=0.79 infe=0.77 isch=0.82 both=0.90]  (19.7s)
Epoch  13/30  loss=1.5777  ce=0.2497  con=2.9056  train_acc=0.862  val_acc=0.761  val_f1=0.750  recall[none=0.80 infe=0.71 isch=0.88 both=0.76]  (19.6s)
Epoch  14/30  loss=1.5779  ce=0.2622  con=2.8936  train_acc=0.850  val_acc=0.800  val_f1=0.822  recall[none=0.78 infe=0.80 isch=0.82 both=0.88]  (19.6s)
Epoch  15/30  loss=1.5457  ce=0.2239  con=2.8676  train_acc=0.878  val_acc=0.799  val_f1=0.807  recall[none=0.82 infe=0.76 isch=0.91 both=0.84]  (19.6s)
Epoch  16/30  loss=1.5037  ce=0.1856  con=2.8217  train_acc=0.895  val_acc=0.804  val_f1=0.821  recall[none=0.74 infe=0.83 isch=0.88 both=0.92]  (19.7s)
Epoch  17/30  loss=1.4786  ce=0.1755  con=2.7817  train_acc=0.893  val_acc=0.777  val_f1=0.791  recall[none=0.77 infe=0.74 isch=0.79 both=0.96]  (19.7s)
Epoch  18/30  loss=1.4546  ce=0.1554  con=2.7539  train_acc=0.909  val_acc=0.787  val_f1=0.789  recall[none=0.86 infe=0.67 isch=0.94 both=0.91]  (19.7s)
Epoch  19/30  loss=1.4490  ce=0.1483  con=2.7496  train_acc=0.916  val_acc=0.812  val_f1=0.843  recall[none=0.83 infe=0.77 isch=0.79 both=0.90]  (19.6s)
Epoch  20/30  loss=1.4191  ce=0.1256  con=2.7125  train_acc=0.933  val_acc=0.823  val_f1=0.843  recall[none=0.79 infe=0.84 isch=0.79 both=0.91]  (19.6s)
Epoch  21/30  loss=1.3807  ce=0.1020  con=2.6594  train_acc=0.940  val_acc=0.824  val_f1=0.846  recall[none=0.90 infe=0.72 isch=0.85 both=0.91]  (19.7s)
Epoch  22/30  loss=1.3927  ce=0.1170  con=2.6684  train_acc=0.935  val_acc=0.783  val_f1=0.810  recall[none=0.85 infe=0.68 isch=0.82 both=0.91]  (19.6s)
Epoch  23/30  loss=1.3815  ce=0.1087  con=2.6544  train_acc=0.943  val_acc=0.822  val_f1=0.844  recall[none=0.80 infe=0.82 isch=0.91 both=0.92]  (19.6s)
Epoch  24/30  loss=1.3792  ce=0.1249  con=2.6335  train_acc=0.949  val_acc=0.796  val_f1=0.811  recall[none=0.75 infe=0.80 isch=0.88 both=0.95]  (19.7s)
Epoch  25/30  loss=1.3137  ce=0.0650  con=2.5624  train_acc=0.966  val_acc=0.826  val_f1=0.849  recall[none=0.83 infe=0.80 isch=0.82 both=0.92]  (19.7s)
Epoch  26/30  loss=1.3018  ce=0.0600  con=2.5437  train_acc=0.967  val_acc=0.830  val_f1=0.841  recall[none=0.84 infe=0.79 isch=0.85 both=0.91]  (19.6s)
Epoch  27/30  loss=1.2823  ce=0.0500  con=2.5146  train_acc=0.980  val_acc=0.829  val_f1=0.839  recall[none=0.80 infe=0.83 isch=0.85 both=0.94]  (19.7s)
Epoch  28/30  loss=1.2991  ce=0.0644  con=2.5339  train_acc=0.967  val_acc=0.811  val_f1=0.833  recall[none=0.91 infe=0.69 isch=0.85 both=0.88]  (19.7s)
Epoch  29/30  loss=1.2755  ce=0.0481  con=2.5030  train_acc=0.976  val_acc=0.843  val_f1=0.849  recall[none=0.91 infe=0.76 isch=0.79 both=0.95]  (19.7s)
Epoch  30/30  loss=1.3070  ce=0.0743  con=2.5397  train_acc=0.967  val_acc=0.830  val_f1=0.844  recall[none=0.82 infe=0.82 isch=0.85 both=0.90]  (19.7s)

Best epoch 29 (val macro-F1 0.8492) → test:
  acc=0.850  bal_acc=0.882  macro_f1=0.8764
  none       P=0.816  R=0.880  F1=0.847  n=383
  infection  P=0.874  R=0.792  F1=0.831  n=384
  ischaemia  P=0.912  R=0.912  F1=0.912  n=34
  both       P=0.889  R=0.946  F1=0.917  n=93
  confusion matrix (rows=true, cols=pred ['none', 'infection', 'ischaemia', 'both']):
    [337, 41, 2, 3]
    [75, 304, 0, 5]
    [0, 0, 31, 3]
    [1, 3, 1, 88]

Best weights → checkpoints/pretrained_seed2_best.pt
Results      → results/pretrained_seed2.json
/scratch/sraghunandanan/DFU_Project/.venv/lib64/python3.9/site-packages/networkx/utils/backends.py:135: RuntimeWarning: networkx backend defined more than once: nx-loopback
  backends.update(_get_backends("networkx.backends"))
arm           n  macro-F1        bal-acc         acc             R[none]       R[infe]       R[isch]       R[both]       
pretrained    3  0.870 ± 0.010   0.874 ± 0.012   0.854 ± 0.005   0.839 ± 0.039 0.846 ± 0.052 0.863 ± 0.061 0.946 ± 0.011 
scratch       4  0.910 ± 0.061   0.906 ± 0.067   0.908 ± 0.064   0.906 ± 0.068 0.655 ± 0.437 0.625 ± 0.418 0.688 ± 0.459 

Paired test macro-F1 (pretrained − scratch), per seed:
  seed 0: -0.0397
  seed 1: +0.0085
  seed 2: -0.0002
  mean Δ = -0.0105  (pretrained better in 1/3 seeds)
